CCS PCM C Compiler, Version 5.112, 5967               03-Nov-25 20:42

               Filename:   F:\Edu\Vi dieu khien\doc\vixuly\1.2. Vi dieu khien PIC16F877A\Project\Blink\main.lst

               ROM used:   71 words (1%)
                           Largest free fragment is 2048
               RAM used:   7 (2%) at main() level
                           8 (2%) worst case
               Stack used: 1 locations
               Stack size: 8

*
0000:  MOVLW  00
0001:  MOVWF  0A
0002:  GOTO   01A
0003:  NOP
.................... #include <16F877A.h> //Khai bao thu vien su dung 
.................... //////////// Standard Header file for the PIC16F877A device ////////////////
.................... ///////////////////////////////////////////////////////////////////////////
.................... ////        (C) Copyright 1996, 2020 Custom Computer Services          ////
.................... //// This source code may only be used by licensed users of the CCS C  ////
.................... //// compiler.  This source code may only be distributed to other      ////
.................... //// licensed users of the CCS C compiler.  No other use, reproduction ////
.................... //// or distribution is permitted without written permission.          ////
.................... //// Derivative programs created using this software in object code    ////
.................... //// form are not restricted in any way.                               ////
.................... ///////////////////////////////////////////////////////////////////////////
.................... #device PIC16F877A
.................... 
.................... #list
.................... 
.................... 
.................... #use delay(crystal=20000000) //Khai bao thach anh su dung 20Mhz
0004:  MOVLW  23
0005:  MOVWF  04
0006:  BCF    03.7
0007:  MOVF   00,W
0008:  BTFSC  03.2
0009:  GOTO   017
000A:  MOVLW  06
000B:  MOVWF  78
000C:  CLRF   77
000D:  DECFSZ 77,F
000E:  GOTO   00D
000F:  DECFSZ 78,F
0010:  GOTO   00C
0011:  MOVLW  7B
0012:  MOVWF  77
0013:  DECFSZ 77,F
0014:  GOTO   013
0015:  DECFSZ 00,F
0016:  GOTO   00A
0017:  BCF    0A.3
0018:  BCF    0A.4
0019:  GOTO   041 (RETURN)
.................... 
.................... 
.................... 
.................... void main() //Chuong trinh chinh
001A:  MOVF   03,W
001B:  ANDLW  1F
001C:  MOVWF  03
001D:  BSF    03.5
001E:  BSF    1F.0
001F:  BSF    1F.1
0020:  BSF    1F.2
0021:  BCF    1F.3
0022:  MOVLW  07
0023:  MOVWF  1C
0024:  BCF    03.7
.................... {
....................    set_tris_d(0x00); //PORT D la OUTPUT
0025:  MOVLW  00
0026:  MOVWF  08
.................... 
....................    while(TRUE)
....................    {
....................       for(unsigned char i=0; i<8; i++){
0027:  BCF    03.5
0028:  CLRF   21
0029:  MOVF   21,W
002A:  SUBLW  07
002B:  BTFSS  03.0
002C:  GOTO   045
....................          output_d(0x01 << i);
002D:  MOVLW  01
002E:  MOVWF  22
002F:  MOVF   21,W
0030:  MOVWF  78
0031:  BTFSC  03.2
0032:  GOTO   037
0033:  BCF    03.0
0034:  RLF    22,F
0035:  DECFSZ 78,F
0036:  GOTO   033
0037:  BSF    03.5
0038:  CLRF   08
0039:  BCF    03.5
003A:  MOVF   22,W
003B:  MOVWF  08
....................          delay_ms(1000);
003C:  MOVLW  04
003D:  MOVWF  22
003E:  MOVLW  FA
003F:  MOVWF  23
0040:  GOTO   004
0041:  DECFSZ 22,F
0042:  GOTO   03E
0043:  INCF   21,F
0044:  GOTO   029
....................       }
0045:  GOTO   028
....................    }
.................... //!   unsigned char x = 0;
.................... //!   while(x % 5) 
.................... //!   {
.................... //!      output_high(PIN_D0); //xuat muc cao ra chan RD0 cua vi dieu khien
.................... //!      output_high(PIN_D1);
.................... //!      output_high(PIN_D2);
.................... //!      output_high(PIN_D3);
.................... //!      delay_ms(1000);
.................... //!      output_low(PIN_D0); //Xuat muc thap ra chan RD0 cua vi dieu khien
.................... //!      output_low(PIN_D1);
.................... //!      output_low(PIN_D2);
.................... //!      output_low(PIN_D3);
.................... //!      delay_ms(1000);
.................... //!      x = x + 1;
.................... //!   }
.................... }
.................... 
0046:  SLEEP
.................... 
.................... //while, for
.................... 
.................... 

Configuration Fuses:
   Word  1: 3F72   HS NOWDT PUT BROWNOUT NOLVP NOCPD NOWRT NODEBUG NOPROTECT
