CCS PCM C Compiler, Version 5.112, 5967               12-Nov-25 20:35

               Filename:   F:\Edu\Vi dieu khien\doc\vixuly\1.2. Vi dieu khien PIC16F877A\Project\Blink\main.lst

               ROM used:   96 words (1%)
                           Largest free fragment is 2048
               RAM used:   8 (2%) at main() level
                           9 (2%) worst case
               Stack used: 0 locations
               Stack size: 8

*
0000:  MOVLW  00
0001:  MOVWF  0A
0002:  GOTO   018
0003:  NOP
.................... #include <16F877A.h> //Khai bao thu vien su dung 
.................... //////////// Standard Header file for the PIC16F877A device ////////////////
.................... ///////////////////////////////////////////////////////////////////////////
.................... ////        (C) Copyright 1996, 2020 Custom Computer Services          ////
.................... //// This source code may only be used by licensed users of the CCS C  ////
.................... //// compiler.  This source code may only be distributed to other      ////
.................... //// licensed users of the CCS C compiler.  No other use, reproduction ////
.................... //// or distribution is permitted without written permission.          ////
.................... //// Derivative programs created using this software in object code    ////
.................... //// form are not restricted in any way.                               ////
.................... ///////////////////////////////////////////////////////////////////////////
.................... #device PIC16F877A
.................... 
.................... #list
.................... 
.................... #use delay(crystal=20000000) //Khai bao thach anh su dung 20Mhz
0004:  MOVLW  24
0005:  MOVWF  04
0006:  BCF    03.7
0007:  MOVF   00,W
0008:  BTFSC  03.2
0009:  GOTO   017
000A:  MOVLW  06
000B:  MOVWF  78
000C:  CLRF   77
000D:  DECFSZ 77,F
000E:  GOTO   00D
000F:  DECFSZ 78,F
0010:  GOTO   00C
0011:  MOVLW  7B
0012:  MOVWF  77
0013:  DECFSZ 77,F
0014:  GOTO   013
0015:  DECFSZ 00,F
0016:  GOTO   00A
0017:  RETURN
.................... 
.................... void main() //Chuong trinh chinh
0018:  MOVF   03,W
0019:  ANDLW  1F
001A:  MOVWF  03
001B:  BSF    03.5
001C:  BSF    1F.0
001D:  BSF    1F.1
001E:  BSF    1F.2
001F:  BCF    1F.3
0020:  MOVLW  07
0021:  MOVWF  1C
0022:  BCF    03.7
.................... {
....................    set_tris_d(0x00); //PORT D la OUTPUT
0023:  MOVLW  00
0024:  MOVWF  08
.................... 
.................... 
....................       while(TRUE){
....................          unsigned char out = 0x00;
0025:  BCF    03.5
0026:  CLRF   21
....................          for(unsigned char i=0; i<8; i++){
0027:  CLRF   22
0028:  MOVF   22,W
0029:  SUBLW  07
002A:  BTFSS  03.0
002B:  GOTO   042
....................             out = out | 0x01 << i;
002C:  MOVLW  01
002D:  MOVWF  77
002E:  MOVF   22,W
002F:  MOVWF  78
0030:  BTFSC  03.2
0031:  GOTO   036
0032:  BCF    03.0
0033:  RLF    77,F
0034:  DECFSZ 78,F
0035:  GOTO   032
0036:  MOVF   77,W
0037:  IORWF  21,F
....................             output_d(out);
0038:  BSF    03.5
0039:  CLRF   08
003A:  BCF    03.5
003B:  MOVF   21,W
003C:  MOVWF  08
....................             delay_ms(100);
003D:  MOVLW  64
003E:  MOVWF  24
003F:  CALL   004
0040:  INCF   22,F
0041:  GOTO   028
....................          }
....................          for(unsigned char i=1; i<=8; i++){
0042:  MOVLW  01
0043:  MOVWF  23
0044:  MOVF   23,W
0045:  SUBLW  08
0046:  BTFSS  03.0
0047:  GOTO   05E
....................             out = out & 0xFF>>i;
0048:  MOVLW  FF
0049:  MOVWF  77
004A:  MOVF   23,W
004B:  MOVWF  78
004C:  BTFSC  03.2
004D:  GOTO   052
004E:  BCF    03.0
004F:  RRF    77,F
0050:  DECFSZ 78,F
0051:  GOTO   04E
0052:  MOVF   77,W
0053:  ANDWF  21,F
....................             output_d(out);
0054:  BSF    03.5
0055:  CLRF   08
0056:  BCF    03.5
0057:  MOVF   21,W
0058:  MOVWF  08
....................             delay_ms(100);
0059:  MOVLW  64
005A:  MOVWF  24
005B:  CALL   004
005C:  INCF   23,F
005D:  GOTO   044
....................          }
005E:  GOTO   026
....................       }
.................... 
.................... }
.................... 
005F:  SLEEP
.................... 
.................... 
.................... 

Configuration Fuses:
   Word  1: 3F72   HS NOWDT PUT BROWNOUT NOLVP NOCPD NOWRT NODEBUG NOPROTECT
